******************************************************************************
                  TI ARM Linker PC v20.2.1                     
******************************************************************************
>> Linked Fri Feb  5 13:30:12 2021

OUTPUT FILE NAME:   <Lab1.out>
ENTRY POINT SYMBOL: "_c_int00_noargs"  address: 00002b31


MEMORY CONFIGURATION

         name            origin    length      used     unused   attr    fill
----------------------  --------  ---------  --------  --------  ----  --------
  FLASH                 00000000   00040000  00002e69  0003d197  R  X
  SRAM                  20000000   00008000  000022dd  00005d23  RW X


SEGMENT ALLOCATION MAP

run origin  load origin   length   init length attrs members
----------  ----------- ---------- ----------- ----- -------
00000000    00000000    00002e70   00002e70    r-x
  00000000    00000000    0000026c   0000026c    r-- .intvecs
  0000026c    0000026c    00002ab4   00002ab4    r-x .text
  00002d20    00002d20    00000109   00000109    r-- .const
  00002e30    00002e30    00000040   00000040    r-- .cinit
20000000    20000000    000022e1   00000000    rw-
  20000000    20000000    0000026c   00000000    rw- .vtable
  20000270    20000270    00001000   00000000    rw- .stack
  20001270    20001270    00001000   00000000    rw- .sysmem
  20002270    20002270    00000058   00000000    rw- .bss
  200022c8    200022c8    00000019   00000000    rw- .data


SECTION ALLOCATION MAP

 output                                  attributes/
section   page    origin      length       input sections
--------  ----  ----------  ----------   ----------------
.intvecs   0    00000000    0000026c     
                  00000000    0000026c     tm4c123gh6pm_startup_ccs.obj (.intvecs)

.text      0    0000026c    00002ab4     
                  0000026c    00000a4e     rtsv7M4_T_le_v4SPD16_eabi.lib : _printfi.c.obj (.text:__TI_printfi)
                  00000cba    00000002                                   : _lock.c.obj (.text:_nop)
                  00000cbc    000003f0     lcd.obj (.text)
                  000010ac    00000270     rtsv7M4_T_le_v4SPD16_eabi.lib : _printfi.c.obj (.text:_pconv_a)
                  0000131c    00000248     Timer.obj (.text)
                  00001564    000001d0     rtsv7M4_T_le_v4SPD16_eabi.lib : _printfi.c.obj (.text:_pconv_g)
                  00001734    000001b6                                   : fd_add_t2.asm.obj (.text)
                  000018ea    00000002                                   : div0.asm.obj (.text)
                  000018ec    0000014c                                   : vla_alloc.c.obj (.text:__vla_alloc)
                  00001a38    0000013c                                   : _printfi.c.obj (.text:_pconv_e)
                  00001b74    00000136                                   : fd_div_t2.asm.obj (.text)
                  00001caa    00000002     --HOLE-- [fill = 0]
                  00001cac    00000124                                   : _printfi.c.obj (.text:fcvt)
                  00001dd0    00000110                                   : s_scalbn.c.obj (.text:scalbn)
                  00001ee0    00000108                                   : memory.c.obj (.text:aligned_alloc)
                  00001fe8    000000fc                                   : fd_mul_t2.asm.obj (.text)
                  000020e4    000000e4                                   : memory.c.obj (.text:free)
                  000021c8    000000e4                                   : memory.c.obj (.text:realloc)
                  000022ac    000000b1                                   : _printfi.c.obj (.text:_ltostr)
                  0000235d    00000001     --HOLE-- [fill = 0]
                  0000235e    0000009c                                   : memcpy_t2.asm.obj (.text)
                  000023fa    00000096                                   : ull_div_t2.asm.obj (.text)
                  00002490    00000086                                   : fd_cmp_t2.asm.obj (.text:__aeabi_cdcmple)
                  00002516    00000086                                   : fd_cmp_t2.asm.obj (.text:__aeabi_cdrcmple)
                  0000259c    0000007a                                   : memset_t2.asm.obj (.text)
                  00002616    00000002     --HOLE-- [fill = 0]
                  00002618    00000078                                   : vla_alloc.c.obj (.text:_ZN33_INTERNAL_11_vla_alloc_c_be8bd49b21free_dead_allocationsEPv)
                  00002690    00000070                                   : memory.c.obj (.text:split)
                  00002700    0000006e                                   : _printfi.c.obj (.text:_mcpy)
                  0000276e    00000068                                   : copy_decompress_lzss.c.obj (.text:decompress:lzss:__TI_decompress_lzss)
                  000027d6    00000002     --HOLE-- [fill = 0]
                  000027d8    00000064                                   : s_frexp.c.obj (.text:frexp)
                  0000283c    00000056                                   : _printfi.c.obj (.text:_pconv_f)
                  00002892    00000054                                   : _ltoa.c.obj (.text:__TI_ltoa)
                  000028e6    00000052                                   : _printfi.c.obj (.text:_ecpy)
                  00002938    0000004c                                   : atoi.c.obj (.text:atoi)
                  00002984    00000048                                   : fd_toi_t2.asm.obj (.text)
                  000029cc    00000044                                   : autoinit.c.obj (.text:__TI_auto_init_nobinit_nopinit:__TI_auto_init_nobinit_nopinit)
                  00002a10    00000040                                   : vsnprintf.c.obj (.text:vsnprintf)
                  00002a50    0000003e                                   : _printfi.c.obj (.text:_fcpy)
                  00002a8e    00000002     --HOLE-- [fill = 0]
                  00002a90    00000036     helloworld.obj (.text)
                  00002ac6    00000036     rtsv7M4_T_le_v4SPD16_eabi.lib : strncpy.c.obj (.text:strncpy)
                  00002afc    00000034     driverlib.lib : interrupt.obj (.text:IntRegister)
                  00002b30    00000034     rtsv7M4_T_le_v4SPD16_eabi.lib : boot_cortex_m.c.obj (.text:_c_int00_noargs:_c_int00_noargs)
                  00002b64    00000030                                   : vsnprintf.c.obj (.text:_outs)
                  00002b94    0000002e                                   : i_tofd_t2.asm.obj (.text)
                  00002bc2    00000002     --HOLE-- [fill = 0]
                  00002bc4    00000028                                   : memory.c.obj (.text:free_list_insert)
                  00002bec    0000001c                                   : copy_zero_init.c.obj (.text:decompress:ZI:__TI_zero_init_nomemset:__TI_zero_init_nomemset)
                  00002c08    0000001c                                   : memory.c.obj (.text:free_list_remove)
                  00002c24    0000001c                                   : memccpy.c.obj (.text:memccpy)
                  00002c40    0000001a                                   : s_copysign.c.obj (.text:copysign)
                  00002c5a    00000018                                   : vsnprintf.c.obj (.text:_outc)
                  00002c72    00000018                                   : strcmp.c.obj (.text:strcmp)
                  00002c8a    00000016                                   : strchr.c.obj (.text:strchr)
                  00002ca0    00000014                                   : strcpy.c.obj (.text:strcpy)
                  00002cb4    00000014                                   : strlen.c.obj (.text:strlen)
                  00002cc8    00000012                                   : wcslen.c.obj (.text:wcslen)
                  00002cda    00000010     lcd.obj (.text:lcd_clear)
                  00002cea    0000000e     rtsv7M4_T_le_v4SPD16_eabi.lib : copy_decompress_none.c.obj (.text:decompress:none:__TI_decompress_none)
                  00002cf8    0000000c     tm4c123gh6pm_startup_ccs.obj (.text)
                  00002d04    00000008     rtsv7M4_T_le_v4SPD16_eabi.lib : errno.c.obj (.text:__aeabi_errno_addr)
                  00002d0c    00000008                                   : memory.c.obj (.text:malloc)
                  00002d14    00000004                                   : error.c.obj (.text:__abort_execution)
                  00002d18    00000004                                   : pre_init.c.obj (.text:_system_pre_init)
                  00002d1c    00000004                                   : exit.c.obj (.text:abort:abort)

.const     0    00002d20    00000109     
                  00002d20    00000101     rtsv7M4_T_le_v4SPD16_eabi.lib : ctype.c.obj (.const:.string:_ctypes_)
                  00002e21    00000004     lcd.obj (.const:.string:lineAddress$1)
                  00002e25    00000004     lcd.obj (.const:.string:lineAddresses$2)

.cinit     0    00002e30    00000040     
                  00002e30    0000000c     (.cinit..data.load) [load image, compression = lzss]
                  00002e3c    0000000c     (__TI_handler_table)
                  00002e48    00000008     (.cinit..bss.load) [load image, compression = zero_init]
                  00002e50    00000008     (.cinit..vtable.load) [load image, compression = zero_init]
                  00002e58    00000018     (__TI_cinit_table)

.init_array 
*          0    00000000    00000000     UNINITIALIZED

.vtable    0    20000000    0000026c     UNINITIALIZED
                  20000000    0000026c     driverlib.lib : interrupt.obj (.vtable)

.stack     0    20000270    00001000     UNINITIALIZED
                  20000270    00000004     rtsv7M4_T_le_v4SPD16_eabi.lib : boot_cortex_m.c.obj (.stack)
                  20000274    00000ffc     --HOLE--

.sysmem    0    20001270    00001000     UNINITIALIZED
                  20001270    00000010     rtsv7M4_T_le_v4SPD16_eabi.lib : memory.c.obj (.sysmem)
                  20001280    00000ff0     --HOLE--

.bss       0    20002270    00000058     UNINITIALIZED
                  20002270    00000054     lcd.obj (.bss:lastbuffer$3)
                  200022c4    00000004     (.common:_timeout_ticks)

.data      0    200022c8    00000019     UNINITIALIZED
                  200022c8    00000008     rtsv7M4_T_le_v4SPD16_eabi.lib : _lock.c.obj (.data:$O1$$)
                  200022d0    00000008                                   : memory.c.obj (.data:$O1$$)
                  200022d8    00000004                                   : errno.c.obj (.data)
                  200022dc    00000004                                   : vla_alloc.c.obj (.data)
                  200022e0    00000001     Timer.obj (.data)

__llvm_prf_cnts 
*          0    20000000    00000000     UNINITIALIZED

MODULE SUMMARY

       Module                         code    ro data   rw data
       ------                         ----    -------   -------
    .\
       lcd.obj                        1024    8         84     
       tm4c123gh6pm_startup_ccs.obj   12      620       0      
       Timer.obj                      584     0         5      
       helloworld.obj                 54      0         0      
    +--+------------------------------+-------+---------+---------+
       Total:                         1674    628       89     
                                                               
    C:/ti/TivaWare_C_Series-2.1.4.178/driverlib/ccs/Debug/driverlib.lib
       interrupt.obj                  52      0         620    
    +--+------------------------------+-------+---------+---------+
       Total:                         52      0         620    
                                                               
    C:\ti\ccs1010\ccs\tools\compiler\ti-cgt-arm_20.2.1.LTS\lib\rtsv7M4_T_le_v4SPD16_eabi.lib
       _printfi.c.obj                 4851    0         0      
       memory.c.obj                   908     0         8      
       vla_alloc.c.obj                452     0         4      
       fd_add_t2.asm.obj              438     0         0      
       fd_div_t2.asm.obj              310     0         0      
       s_scalbn.c.obj                 272     0         0      
       fd_cmp_t2.asm.obj              268     0         0      
       ctype.c.obj                    0       257       0      
       fd_mul_t2.asm.obj              252     0         0      
       memcpy_t2.asm.obj              156     0         0      
       ull_div_t2.asm.obj             150     0         0      
       vsnprintf.c.obj                136     0         0      
       memset_t2.asm.obj              122     0         0      
       copy_decompress_lzss.c.obj     104     0         0      
       s_frexp.c.obj                  100     0         0      
       _ltoa.c.obj                    84      0         0      
       atoi.c.obj                     76      0         0      
       fd_toi_t2.asm.obj              72      0         0      
       autoinit.c.obj                 68      0         0      
       strncpy.c.obj                  54      0         0      
       boot_cortex_m.c.obj            52      0         0      
       i_tofd_t2.asm.obj              46      0         0      
       copy_zero_init.c.obj           28      0         0      
       memccpy.c.obj                  28      0         0      
       s_copysign.c.obj               26      0         0      
       strcmp.c.obj                   24      0         0      
       strchr.c.obj                   22      0         0      
       strcpy.c.obj                   20      0         0      
       strlen.c.obj                   20      0         0      
       wcslen.c.obj                   18      0         0      
       copy_decompress_none.c.obj     14      0         0      
       errno.c.obj                    8       0         4      
       _lock.c.obj                    2       0         8      
       error.c.obj                    4       0         0      
       exit.c.obj                     4       0         0      
       pre_init.c.obj                 4       0         0      
       div0.asm.obj                   2       0         0      
    +--+------------------------------+-------+---------+---------+
       Total:                         9195    257       24     
                                                               
       Heap:                          0       0         4096   
       Stack:                         0       0         4096   
       Linker Generated:              0       64        0      
    +--+------------------------------+-------+---------+---------+
       Grand Total:                   10921   949       8925   


LINKER GENERATED COPY TABLES

__TI_cinit_table @ 00002e58 records: 3, size/record: 8, table size: 24
	.data: load addr=00002e30, load size=0000000c bytes, run addr=200022c8, run size=00000019 bytes, compression=lzss
	.bss: load addr=00002e48, load size=00000008 bytes, run addr=20002270, run size=00000058 bytes, compression=zero_init
	.vtable: load addr=00002e50, load size=00000008 bytes, run addr=20000000, run size=0000026c bytes, compression=zero_init


LINKER GENERATED HANDLER TABLE

__TI_handler_table @ 00002e3c records: 3, size/record: 4, table size: 12
	index: 0, handler: __TI_zero_init
	index: 1, handler: __TI_decompress_lzss
	index: 2, handler: __TI_decompress_none


GLOBAL SYMBOLS: SORTED ALPHABETICALLY BY Name 

address   name                          
-------   ----                          
00002d1d  C$$EXIT                       
00002afd  IntRegister                   
00002cf9  ResetISR                      
20001270  __STACK_END                   
00001000  __STACK_SIZE                  
20000470  __STACK_TOP                   
00001000  __SYSMEM_SIZE                 
00002e58  __TI_CINIT_Base               
00002e70  __TI_CINIT_Limit              
00002e3c  __TI_Handler_Table_Base       
00002e48  __TI_Handler_Table_Limit      
000029cd  __TI_auto_init_nobinit_nopinit
0000276f  __TI_decompress_lzss          
00002ceb  __TI_decompress_none          
00002893  __TI_ltoa                     
ffffffff  __TI_pprof_out_hndl           
0000026d  __TI_printfi                  
ffffffff  __TI_prof_data_size           
ffffffff  __TI_prof_data_start          
00000000  __TI_static_base__            
00002bed  __TI_zero_init_nomemset       
00002d15  __abort_execution             
00002491  __aeabi_cdcmpeq               
00002491  __aeabi_cdcmple               
00002517  __aeabi_cdrcmple              
00002985  __aeabi_d2iz                  
0000173f  __aeabi_dadd                  
00001b75  __aeabi_ddiv                  
00001fe9  __aeabi_dmul                  
00001735  __aeabi_dsub                  
00002d05  __aeabi_errno_addr            
00002b95  __aeabi_i2d                   
000018eb  __aeabi_idiv0                 
000018eb  __aeabi_ldiv0                 
0000259d  __aeabi_memclr                
0000259d  __aeabi_memclr4               
0000259d  __aeabi_memclr8               
0000235f  __aeabi_memcpy                
0000235f  __aeabi_memcpy4               
0000235f  __aeabi_memcpy8               
0000259f  __aeabi_memset                
0000259f  __aeabi_memset4               
0000259f  __aeabi_memset8               
000023fb  __aeabi_uldivmod              
ffffffff  __binit__                     
ffffffff  __c_args__                    
UNDEFED   __mpu_init                    
20000270  __stack                       
20000000  __start___llvm_prf_cnts       
20000000  __stop___llvm_prf_cnts        
000018ed  __vla_alloc                   
00002b31  _c_int00_noargs               
00002d20  _ctypes_                      
200022c8  _lock                         
00000cbb  _nop                          
200022e0  _running                      
20001270  _sys_memory                   
UNDEFED   _system_post_cinit            
00002d19  _system_pre_init              
200022c4  _timeout_ticks                
200022cc  _unlock                       
00002d1d  abort                         
00001ee1  aligned_alloc                 
00002939  atoi                          
ffffffff  binit                         
00002c41  copysign                      
00002c41  copysignl                     
200022d8  errno                         
000020e5  free                          
000027d9  frexp                         
000027d9  frexpl                        
20000000  g_pfnRAMVectors               
00000000  g_pfnVectors                  
00002cdb  lcd_clear                     
00000e91  lcd_gotoLine                  
00000cf9  lcd_init                      
00000ef7  lcd_printf                    
00000db9  lcd_putc                      
00000df1  lcd_puts                      
00000cbd  lcd_reverseNibble             
00000fd5  lcd_rotatingBanner            
00000e0f  lcd_sendCommand               
00000e4d  lcd_sendNibble                
00000eb9  lcd_setCursorPos              
00001dd1  ldexp                         
00001dd1  ldexpl                        
00002a91  main                          
00002d0d  malloc                        
00001ee1  memalign                      
00002c25  memccpy                       
0000235f  memcpy                        
000025a5  memset                        
000021c9  realloc                       
00001dd1  scalbn                        
00001dd1  scalbnl                       
00002c8b  strchr                        
00002c73  strcmp                        
00002ca1  strcpy                        
00002cb5  strlen                        
00002ac7  strncpy                       
0000143b  timer_getMicros               
000013e3  timer_getMillis               
0000131d  timer_init                    
000013bf  timer_pause                   
000013d1  timer_resume                  
00001395  timer_stop                    
00001495  timer_waitMicros              
000014c7  timer_waitMillis              
00002a11  vsnprintf                     
00002cc9  wcslen                        


GLOBAL SYMBOLS: SORTED BY Symbol Address 

address   name                          
-------   ----                          
00000000  __TI_static_base__            
00000000  g_pfnVectors                  
0000026d  __TI_printfi                  
00000cbb  _nop                          
00000cbd  lcd_reverseNibble             
00000cf9  lcd_init                      
00000db9  lcd_putc                      
00000df1  lcd_puts                      
00000e0f  lcd_sendCommand               
00000e4d  lcd_sendNibble                
00000e91  lcd_gotoLine                  
00000eb9  lcd_setCursorPos              
00000ef7  lcd_printf                    
00000fd5  lcd_rotatingBanner            
00001000  __STACK_SIZE                  
00001000  __SYSMEM_SIZE                 
0000131d  timer_init                    
00001395  timer_stop                    
000013bf  timer_pause                   
000013d1  timer_resume                  
000013e3  timer_getMillis               
0000143b  timer_getMicros               
00001495  timer_waitMicros              
000014c7  timer_waitMillis              
00001735  __aeabi_dsub                  
0000173f  __aeabi_dadd                  
000018eb  __aeabi_idiv0                 
000018eb  __aeabi_ldiv0                 
000018ed  __vla_alloc                   
00001b75  __aeabi_ddiv                  
00001dd1  ldexp                         
00001dd1  ldexpl                        
00001dd1  scalbn                        
00001dd1  scalbnl                       
00001ee1  aligned_alloc                 
00001ee1  memalign                      
00001fe9  __aeabi_dmul                  
000020e5  free                          
000021c9  realloc                       
0000235f  __aeabi_memcpy                
0000235f  __aeabi_memcpy4               
0000235f  __aeabi_memcpy8               
0000235f  memcpy                        
000023fb  __aeabi_uldivmod              
00002491  __aeabi_cdcmpeq               
00002491  __aeabi_cdcmple               
00002517  __aeabi_cdrcmple              
0000259d  __aeabi_memclr                
0000259d  __aeabi_memclr4               
0000259d  __aeabi_memclr8               
0000259f  __aeabi_memset                
0000259f  __aeabi_memset4               
0000259f  __aeabi_memset8               
000025a5  memset                        
0000276f  __TI_decompress_lzss          
000027d9  frexp                         
000027d9  frexpl                        
00002893  __TI_ltoa                     
00002939  atoi                          
00002985  __aeabi_d2iz                  
000029cd  __TI_auto_init_nobinit_nopinit
00002a11  vsnprintf                     
00002a91  main                          
00002ac7  strncpy                       
00002afd  IntRegister                   
00002b31  _c_int00_noargs               
00002b95  __aeabi_i2d                   
00002bed  __TI_zero_init_nomemset       
00002c25  memccpy                       
00002c41  copysign                      
00002c41  copysignl                     
00002c73  strcmp                        
00002c8b  strchr                        
00002ca1  strcpy                        
00002cb5  strlen                        
00002cc9  wcslen                        
00002cdb  lcd_clear                     
00002ceb  __TI_decompress_none          
00002cf9  ResetISR                      
00002d05  __aeabi_errno_addr            
00002d0d  malloc                        
00002d15  __abort_execution             
00002d19  _system_pre_init              
00002d1d  C$$EXIT                       
00002d1d  abort                         
00002d20  _ctypes_                      
00002e3c  __TI_Handler_Table_Base       
00002e48  __TI_Handler_Table_Limit      
00002e58  __TI_CINIT_Base               
00002e70  __TI_CINIT_Limit              
20000000  __start___llvm_prf_cnts       
20000000  __stop___llvm_prf_cnts        
20000000  g_pfnRAMVectors               
20000270  __stack                       
20000470  __STACK_TOP                   
20001270  __STACK_END                   
20001270  _sys_memory                   
200022c4  _timeout_ticks                
200022c8  _lock                         
200022cc  _unlock                       
200022d8  errno                         
200022e0  _running                      
ffffffff  __TI_pprof_out_hndl           
ffffffff  __TI_prof_data_size           
ffffffff  __TI_prof_data_start          
ffffffff  __binit__                     
ffffffff  __c_args__                    
ffffffff  binit                         
UNDEFED   __mpu_init                    
UNDEFED   _system_post_cinit            

[110 symbols]
