******************************************************************************
                  TI ARM Linker PC v20.2.1                     
******************************************************************************
>> Linked Thu Feb 25 15:04:32 2021

OUTPUT FILE NAME:   <Lab4.out>
ENTRY POINT SYMBOL: "_c_int00_noargs"  address: 00003e19


MEMORY CONFIGURATION

         name            origin    length      used     unused   attr    fill
----------------------  --------  ---------  --------  --------  ----  --------
  FLASH                 00000000   00040000  00004150  0003beb0  R  X
  SRAM                  20000000   00008000  0000230a  00005cf6  RW X


SEGMENT ALLOCATION MAP

run origin  load origin   length   init length attrs members
----------  ----------- ---------- ----------- ----- -------
00000000    00000000    00004150   00004150    r-x
  00000000    00000000    0000026c   0000026c    r-- .intvecs
  0000026c    0000026c    00003d84   00003d84    r-x .text
  00003ff0    00003ff0    00000110   00000110    r-- .const
  00004100    00004100    00000050   00000050    r-- .cinit
20000000    20000000    00002311   00000000    rw-
  20000000    20000000    0000026c   00000000    rw- .vtable
  20000270    20000270    00001000   00000000    rw- .stack
  20001270    20001270    00001000   00000000    rw- .sysmem
  20002270    20002270    00000061   00000000    rw- .bss
  200022d4    200022d4    0000003d   00000000    rw- .data


SECTION ALLOCATION MAP

 output                                  attributes/
section   page    origin      length       input sections
--------  ----  ----------  ----------   ----------------
.intvecs   0    00000000    0000026c     
                  00000000    0000026c     tm4c123gh6pm_startup_ccs.obj (.intvecs)

.text      0    0000026c    00003d84     
                  0000026c    00000c20     open_interface.obj (.text)
                  00000e8c    00000a4e     rtsv7M4_T_le_v4SPD16_eabi.lib : _printfi.c.obj (.text:__TI_printfi)
                  000018da    00000002                                   : _lock.c.obj (.text:_nop)
                  000018dc    000003ac     movement.obj (.text)
                  00001c88    00000270     rtsv7M4_T_le_v4SPD16_eabi.lib : _printfi.c.obj (.text:_pconv_a)
                  00001ef8    00000268     main.obj (.text)
                  00002160    00000248     Timer.obj (.text)
                  000023a8    000001ec     libcybotFindObjects.lib : ping.obj (.text)
                  00002594    000001d0     rtsv7M4_T_le_v4SPD16_eabi.lib : _printfi.c.obj (.text:_pconv_g)
                  00002764    000001b6                                   : fd_add_t2.asm.obj (.text)
                  0000291a    00000002                                   : div0.asm.obj (.text)
                  0000291c    0000015c     libcybotUART.lib : uart.obj (.text)
                  00002a78    00000158     libcybotFindObjects.lib : cyBot_FindObjects.obj (.text)
                  00002bd0    0000013c     rtsv7M4_T_le_v4SPD16_eabi.lib : _printfi.c.obj (.text:_pconv_e)
                  00002d0c    00000136                                   : fd_div_t2.asm.obj (.text)
                  00002e42    00000002     --HOLE-- [fill = 0]
                  00002e44    00000124                                   : _printfi.c.obj (.text:fcvt)
                  00002f68    00000124     libcybotFindObjects.lib : servo.obj (.text)
                  0000308c    00000118                             : ir.obj (.text)
                  000031a4    00000110     rtsv7M4_T_le_v4SPD16_eabi.lib : s_scalbn.c.obj (.text:scalbn)
                  000032b4    00000108                                   : memory.c.obj (.text:aligned_alloc)
                  000033bc    000000fc                                   : fd_mul_t2.asm.obj (.text)
                  000034b8    000000e4                                   : memory.c.obj (.text:free)
                  0000359c    000000b1                                   : _printfi.c.obj (.text:_ltostr)
                  0000364d    00000001     --HOLE-- [fill = 0]
                  0000364e    0000009c                                   : memcpy_t2.asm.obj (.text)
                  000036ea    00000096                                   : ull_div_t2.asm.obj (.text)
                  00003780    00000086                                   : fd_cmp_t2.asm.obj (.text:__aeabi_cdcmple)
                  00003806    00000086                                   : fd_cmp_t2.asm.obj (.text:__aeabi_cdrcmple)
                  0000388c    0000007a                                   : memset_t2.asm.obj (.text)
                  00003906    00000002     --HOLE-- [fill = 0]
                  00003908    00000070                                   : memory.c.obj (.text:split)
                  00003978    0000006e                                   : _printfi.c.obj (.text:_mcpy)
                  000039e6    0000006e                                   : fd_tos_t2.asm.obj (.text)
                  00003a54    00000068                                   : copy_decompress_lzss.c.obj (.text:decompress:lzss:__TI_decompress_lzss)
                  00003abc    00000064                                   : s_frexp.c.obj (.text:frexp)
                  00003b20    00000056                                   : _printfi.c.obj (.text:_pconv_f)
                  00003b76    00000054                                   : _ltoa.c.obj (.text:__TI_ltoa)
                  00003bca    00000052                                   : _printfi.c.obj (.text:_ecpy)
                  00003c1c    0000004c                                   : atoi.c.obj (.text:atoi)
                  00003c68    00000048                                   : fd_toi_t2.asm.obj (.text)
                  00003cb0    00000044                                   : autoinit.c.obj (.text:__TI_auto_init_nobinit_nopinit:__TI_auto_init_nobinit_nopinit)
                  00003cf4    00000040                                   : sprintf.c.obj (.text:sprintf)
                  00003d34    0000003e                                   : _printfi.c.obj (.text:_fcpy)
                  00003d72    00000002     --HOLE-- [fill = 0]
                  00003d74    00000038                                   : memory.c.obj (.text:calloc)
                  00003dac    00000038                                   : fs_tod_t2.asm.obj (.text)
                  00003de4    00000034     driverlib.lib : interrupt.obj (.text:IntRegister)
                  00003e18    00000034     rtsv7M4_T_le_v4SPD16_eabi.lib : boot_cortex_m.c.obj (.text:_c_int00_noargs:_c_int00_noargs)
                  00003e4c    0000002e                                   : i_tofd_t2.asm.obj (.text)
                  00003e7a    00000002     --HOLE-- [fill = 0]
                  00003e7c    00000028                                   : memory.c.obj (.text:free_list_insert)
                  00003ea4    0000001c                                   : copy_zero_init.c.obj (.text:decompress:ZI:__TI_zero_init_nomemset:__TI_zero_init_nomemset)
                  00003ec0    0000001c                                   : memory.c.obj (.text:free_list_remove)
                  00003edc    0000001c                                   : memccpy.c.obj (.text:memccpy)
                  00003ef8    0000001a                                   : s_copysign.c.obj (.text:copysign)
                  00003f12    00000018                                   : sprintf.c.obj (.text:_outs)
                  00003f2a    00000018     open_interface.obj (.text:oi_parseInt)
                  00003f42    00000018     rtsv7M4_T_le_v4SPD16_eabi.lib : strcmp.c.obj (.text:strcmp)
                  00003f5a    00000016                                   : strchr.c.obj (.text:strchr)
                  00003f70    00000014                                   : strlen.c.obj (.text:strlen)
                  00003f84    00000012                                   : wcslen.c.obj (.text:wcslen)
                  00003f96    00000010     driverlib.lib : interrupt.obj (.text:IntMasterEnable)
                  00003fa6    0000000e     rtsv7M4_T_le_v4SPD16_eabi.lib : copy_decompress_none.c.obj (.text:decompress:none:__TI_decompress_none)
                  00003fb4    0000000c     driverlib.lib : cpu.obj (.text:CPUcpsie)
                  00003fc0    0000000c     tm4c123gh6pm_startup_ccs.obj (.text)
                  00003fcc    0000000a     rtsv7M4_T_le_v4SPD16_eabi.lib : sprintf.c.obj (.text:_outc)
                  00003fd6    00000002     --HOLE-- [fill = 0]
                  00003fd8    00000008                                   : errno.c.obj (.text:__aeabi_errno_addr)
                  00003fe0    00000008                                   : memory.c.obj (.text:malloc)
                  00003fe8    00000004                                   : pre_init.c.obj (.text:_system_pre_init)
                  00003fec    00000004                                   : exit.c.obj (.text:abort:abort)

.const     0    00003ff0    00000110     
                  00003ff0    00000101     rtsv7M4_T_le_v4SPD16_eabi.lib : ctype.c.obj (.const:.string:_ctypes_)
                  000040f1    0000000f     open_interface.obj (.const:.string:$P$T0$3)

.cinit     0    00004100    00000050     
                  00004100    0000001c     (.cinit..data.load) [load image, compression = lzss]
                  0000411c    0000000c     (__TI_handler_table)
                  00004128    00000008     (.cinit..bss.load) [load image, compression = zero_init]
                  00004130    00000008     (.cinit..vtable.load) [load image, compression = zero_init]
                  00004138    00000018     (__TI_cinit_table)

.init_array 
*          0    00000000    00000000     UNINITIALIZED

.vtable    0    20000000    0000026c     UNINITIALIZED
                  20000000    0000026c     driverlib.lib : interrupt.obj (.vtable)

.stack     0    20000270    00001000     UNINITIALIZED
                  20000270    00000004     rtsv7M4_T_le_v4SPD16_eabi.lib : boot_cortex_m.c.obj (.stack)
                  20000274    00000ffc     --HOLE--

.sysmem    0    20001270    00001000     UNINITIALIZED
                  20001270    00000010     rtsv7M4_T_le_v4SPD16_eabi.lib : memory.c.obj (.sysmem)
                  20001280    00000ff0     --HOLE--

.bss       0    20002270    00000061     UNINITIALIZED
                  20002270    00000034     (.common:isr_char_buffer)
                  200022a4    00000018     open_interface.obj (.bss:firmware$2)
                  200022bc    00000004     (.common:_timeout_ticks)
                  200022c0    00000004     (.common:fallingEdge)
                  200022c4    00000004     (.common:isr_int_value)
                  200022c8    00000004     (.common:pulseLength)
                  200022cc    00000004     (.common:risingEdge)
                  200022d0    00000001     (.common:isRisingEdge)

.data      0    200022d4    0000003d     UNINITIALIZED
                  200022d4    00000020     open_interface.obj (.data)
                  200022f4    00000008     rtsv7M4_T_le_v4SPD16_eabi.lib : _lock.c.obj (.data:$O1$$)
                  200022fc    00000008                                   : memory.c.obj (.data:$O1$$)
                  20002304    00000004     libcybotUART.lib : uart.obj (.data)
                  20002308    00000004     movement.obj (.data)
                  2000230c    00000004     rtsv7M4_T_le_v4SPD16_eabi.lib : errno.c.obj (.data)
                  20002310    00000001     Timer.obj (.data)

__llvm_prf_cnts 
*          0    20000000    00000000     UNINITIALIZED

MODULE SUMMARY

       Module                         code    ro data   rw data
       ------                         ----    -------   -------
    .\
       open_interface.obj             3128    15        56     
       movement.obj                   940     0         4      
       tm4c123gh6pm_startup_ccs.obj   12      620       0      
       main.obj                       616     0         0      
       Timer.obj                      584     0         5      
    +--+------------------------------+-------+---------+---------+
       Total:                         5280    635       65     
                                                               
    ../libcybotFindObjects.lib
       ping.obj                       492     0         13     
       cyBot_FindObjects.obj          344     0         0      
       servo.obj                      292     0         0      
       ir.obj                         280     0         4      
    +--+------------------------------+-------+---------+---------+
       Total:                         1408    0         17     
                                                               
    ../libcybotUART.lib
       uart.obj                       348     0         56     
    +--+------------------------------+-------+---------+---------+
       Total:                         348     0         56     
                                                               
    C:/ti/TivaWare_C_Series-2.1.4.178/driverlib/ccs/Debug/driverlib.lib
       interrupt.obj                  68      0         620    
       cpu.obj                        12      0         0      
    +--+------------------------------+-------+---------+---------+
       Total:                         80      0         620    
                                                               
    C:\ti\ccs1010\ccs\tools\compiler\ti-cgt-arm_20.2.1.LTS\lib\rtsv7M4_T_le_v4SPD16_eabi.lib
       _printfi.c.obj                 4851    0         0      
       memory.c.obj                   736     0         8      
       fd_add_t2.asm.obj              438     0         0      
       fd_div_t2.asm.obj              310     0         0      
       s_scalbn.c.obj                 272     0         0      
       fd_cmp_t2.asm.obj              268     0         0      
       ctype.c.obj                    0       257       0      
       fd_mul_t2.asm.obj              252     0         0      
       memcpy_t2.asm.obj              156     0         0      
       ull_div_t2.asm.obj             150     0         0      
       memset_t2.asm.obj              122     0         0      
       fd_tos_t2.asm.obj              110     0         0      
       copy_decompress_lzss.c.obj     104     0         0      
       s_frexp.c.obj                  100     0         0      
       sprintf.c.obj                  98      0         0      
       _ltoa.c.obj                    84      0         0      
       atoi.c.obj                     76      0         0      
       fd_toi_t2.asm.obj              72      0         0      
       autoinit.c.obj                 68      0         0      
       fs_tod_t2.asm.obj              56      0         0      
       boot_cortex_m.c.obj            52      0         0      
       i_tofd_t2.asm.obj              46      0         0      
       copy_zero_init.c.obj           28      0         0      
       memccpy.c.obj                  28      0         0      
       s_copysign.c.obj               26      0         0      
       strcmp.c.obj                   24      0         0      
       strchr.c.obj                   22      0         0      
       strlen.c.obj                   20      0         0      
       wcslen.c.obj                   18      0         0      
       copy_decompress_none.c.obj     14      0         0      
       errno.c.obj                    8       0         4      
       _lock.c.obj                    2       0         8      
       exit.c.obj                     4       0         0      
       pre_init.c.obj                 4       0         0      
       div0.asm.obj                   2       0         0      
    +--+------------------------------+-------+---------+---------+
       Total:                         8621    257       20     
                                                               
       Heap:                          0       0         4096   
       Stack:                         0       0         4096   
       Linker Generated:              0       80        0      
    +--+------------------------------+-------+---------+---------+
       Grand Total:                   15737   972       8970   


LINKER GENERATED COPY TABLES

__TI_cinit_table @ 00004138 records: 3, size/record: 8, table size: 24
	.data: load addr=00004100, load size=0000001c bytes, run addr=200022d4, run size=0000003d bytes, compression=lzss
	.bss: load addr=00004128, load size=00000008 bytes, run addr=20002270, run size=00000061 bytes, compression=zero_init
	.vtable: load addr=00004130, load size=00000008 bytes, run addr=20000000, run size=0000026c bytes, compression=zero_init


LINKER GENERATED HANDLER TABLE

__TI_handler_table @ 0000411c records: 3, size/record: 4, table size: 12
	index: 0, handler: __TI_zero_init
	index: 1, handler: __TI_decompress_lzss
	index: 2, handler: __TI_decompress_none


GLOBAL SYMBOLS: SORTED ALPHABETICALLY BY Name 

address   name                          
-------   ----                          
00003125  ADC0SS0_Handler               
00003fed  C$$EXIT                       
00003fb5  CPUcpsie                      
00000bc3  GPIOF_Handler                 
00003f97  IntMasterEnable               
00003de5  IntRegister                   
00003fc1  ResetISR                      
00002499  TIMER3B_Handler               
20001270  __STACK_END                   
00001000  __STACK_SIZE                  
20000470  __STACK_TOP                   
00001000  __SYSMEM_SIZE                 
00004138  __TI_CINIT_Base               
00004150  __TI_CINIT_Limit              
0000411c  __TI_Handler_Table_Base       
00004128  __TI_Handler_Table_Limit      
00003cb1  __TI_auto_init_nobinit_nopinit
00003a55  __TI_decompress_lzss          
00003fa7  __TI_decompress_none          
00003b77  __TI_ltoa                     
ffffffff  __TI_pprof_out_hndl           
00000e8d  __TI_printfi                  
ffffffff  __TI_prof_data_size           
ffffffff  __TI_prof_data_start          
00000000  __TI_static_base__            
00003ea5  __TI_zero_init_nomemset       
00003781  __aeabi_cdcmpeq               
00003781  __aeabi_cdcmple               
00003807  __aeabi_cdrcmple              
000039e7  __aeabi_d2f                   
00003c69  __aeabi_d2iz                  
0000276f  __aeabi_dadd                  
00002d0d  __aeabi_ddiv                  
000033bd  __aeabi_dmul                  
00002765  __aeabi_dsub                  
00003fd9  __aeabi_errno_addr            
00003dad  __aeabi_f2d                   
00003e4d  __aeabi_i2d                   
0000291b  __aeabi_idiv0                 
0000291b  __aeabi_ldiv0                 
0000388d  __aeabi_memclr                
0000388d  __aeabi_memclr4               
0000388d  __aeabi_memclr8               
0000364f  __aeabi_memcpy                
0000364f  __aeabi_memcpy4               
0000364f  __aeabi_memcpy8               
0000388f  __aeabi_memset                
0000388f  __aeabi_memset4               
0000388f  __aeabi_memset8               
000036eb  __aeabi_uldivmod              
ffffffff  __binit__                     
ffffffff  __c_args__                    
UNDEFED   __mpu_init                    
20000270  __stack                       
20000000  __start___llvm_prf_cnts       
20000000  __stop___llvm_prf_cnts        
00003e19  _c_int00_noargs               
00003ff0  _ctypes_                      
200022f4  _lock                         
000018db  _nop                          
20002310  _running                      
20001270  _sys_memory                   
UNDEFED   _system_post_cinit            
00003fe9  _system_pre_init              
200022bc  _timeout_ticks                
200022f8  _unlock                       
00003fed  abort                         
000032b5  aligned_alloc                 
00003c1d  atoi                          
ffffffff  binit                         
00003d75  calloc                        
00003ef9  copysign                      
00003ef9  copysignl                     
00002b8f  cyBOT_Scan                    
00002b7f  cyBOT_init_Scan               
00002a79  cyBot_FindObjects             
00002a25  cyBot_UART1_Handler           
00002a0b  cyBot_getByte                 
0000291d  cyBot_sendByte                
000029ed  cyBot_uart_flush              
0000295b  cyBot_uart_init               
00002943  cyBot_uart_sendBuffer         
00002929  cyBot_uart_sendStr            
2000230c  errno                         
200022c0  fallingEdge                   
000034b9  free                          
00003abd  frexp                         
00003abd  frexpl                        
20000000  g_pfnRAMVectors               
00000000  g_pfnVectors                  
0000097f  go_charge                     
0000313b  ir_enableInterrupt            
0000311d  ir_getDistance                
000030f5  ir_getValue                   
0000308d  ir_init                       
200022d0  isRisingEdge                  
20002270  isr_char_buffer               
20002304  isr_counter                   
200022c4  isr_int_value                 
000031a5  ldexp                         
000031a5  ldexpl                        
00001ef9  main                          
00003fe1  malloc                        
000032b5  memalign                      
00003edd  memccpy                       
0000364f  memcpy                        
00003895  memset                        
200022d4  motor_cal_factor_L            
200022d8  motor_cal_factor_R            
00001bf5  move_backwards                
000019ad  move_forward                  
0000026d  oi_alloc                      
00000aa9  oi_checkFirmware              
000002c7  oi_close                      
00000279  oi_free                       
00000ded  oi_getMotorCalibrationLeft    
00000e01  oi_getMotorCalibrationRight   
000002b1  oi_init                       
00000289  oi_init_noupdate              
00000915  oi_loadSong                   
00003f2b  oi_parseInt                   
0000032b  oi_parsePacket                
0000096b  oi_play_song                  
0000084b  oi_setLeds                    
00000db1  oi_setMotorCalibration        
0000088f  oi_setWheels                  
00000b51  oi_shutoff_init               
0000098d  oi_uartInit                   
00000a31  oi_uartReceive                
00000a77  oi_uartSendBuff               
00000a15  oi_uartSendChar               
00000a59  oi_uartSendStr                
000002d9  oi_update                     
000024eb  ping_getDistance              
000023a9  ping_init                     
0000242f  ping_trigger                  
200022c8  pulseLength                   
200022cc  risingEdge                    
000031a5  scalbn                        
000031a5  scalbnl                       
00002f69  servo_init                    
00002fed  servo_move                    
00003037  servo_setPWM                  
00002fe1  servo_stop                    
00003cf5  sprintf                       
00003f5b  strchr                        
00003f43  strcmp                        
00003f71  strlen                        
0000227f  timer_getMicros               
00002227  timer_getMillis               
00002161  timer_init                    
00002203  timer_pause                   
00002215  timer_resume                  
000021d9  timer_stop                    
000022d9  timer_waitMicros              
0000230b  timer_waitMillis              
00001943  turn_left                     
000018dd  turn_right                    
00003f85  wcslen                        


GLOBAL SYMBOLS: SORTED BY Symbol Address 

address   name                          
-------   ----                          
00000000  __TI_static_base__            
00000000  g_pfnVectors                  
0000026d  oi_alloc                      
00000279  oi_free                       
00000289  oi_init_noupdate              
000002b1  oi_init                       
000002c7  oi_close                      
000002d9  oi_update                     
0000032b  oi_parsePacket                
0000084b  oi_setLeds                    
0000088f  oi_setWheels                  
00000915  oi_loadSong                   
0000096b  oi_play_song                  
0000097f  go_charge                     
0000098d  oi_uartInit                   
00000a15  oi_uartSendChar               
00000a31  oi_uartReceive                
00000a59  oi_uartSendStr                
00000a77  oi_uartSendBuff               
00000aa9  oi_checkFirmware              
00000b51  oi_shutoff_init               
00000bc3  GPIOF_Handler                 
00000db1  oi_setMotorCalibration        
00000ded  oi_getMotorCalibrationLeft    
00000e01  oi_getMotorCalibrationRight   
00000e8d  __TI_printfi                  
00001000  __STACK_SIZE                  
00001000  __SYSMEM_SIZE                 
000018db  _nop                          
000018dd  turn_right                    
00001943  turn_left                     
000019ad  move_forward                  
00001bf5  move_backwards                
00001ef9  main                          
00002161  timer_init                    
000021d9  timer_stop                    
00002203  timer_pause                   
00002215  timer_resume                  
00002227  timer_getMillis               
0000227f  timer_getMicros               
000022d9  timer_waitMicros              
0000230b  timer_waitMillis              
000023a9  ping_init                     
0000242f  ping_trigger                  
00002499  TIMER3B_Handler               
000024eb  ping_getDistance              
00002765  __aeabi_dsub                  
0000276f  __aeabi_dadd                  
0000291b  __aeabi_idiv0                 
0000291b  __aeabi_ldiv0                 
0000291d  cyBot_sendByte                
00002929  cyBot_uart_sendStr            
00002943  cyBot_uart_sendBuffer         
0000295b  cyBot_uart_init               
000029ed  cyBot_uart_flush              
00002a0b  cyBot_getByte                 
00002a25  cyBot_UART1_Handler           
00002a79  cyBot_FindObjects             
00002b7f  cyBOT_init_Scan               
00002b8f  cyBOT_Scan                    
00002d0d  __aeabi_ddiv                  
00002f69  servo_init                    
00002fe1  servo_stop                    
00002fed  servo_move                    
00003037  servo_setPWM                  
0000308d  ir_init                       
000030f5  ir_getValue                   
0000311d  ir_getDistance                
00003125  ADC0SS0_Handler               
0000313b  ir_enableInterrupt            
000031a5  ldexp                         
000031a5  ldexpl                        
000031a5  scalbn                        
000031a5  scalbnl                       
000032b5  aligned_alloc                 
000032b5  memalign                      
000033bd  __aeabi_dmul                  
000034b9  free                          
0000364f  __aeabi_memcpy                
0000364f  __aeabi_memcpy4               
0000364f  __aeabi_memcpy8               
0000364f  memcpy                        
000036eb  __aeabi_uldivmod              
00003781  __aeabi_cdcmpeq               
00003781  __aeabi_cdcmple               
00003807  __aeabi_cdrcmple              
0000388d  __aeabi_memclr                
0000388d  __aeabi_memclr4               
0000388d  __aeabi_memclr8               
0000388f  __aeabi_memset                
0000388f  __aeabi_memset4               
0000388f  __aeabi_memset8               
00003895  memset                        
000039e7  __aeabi_d2f                   
00003a55  __TI_decompress_lzss          
00003abd  frexp                         
00003abd  frexpl                        
00003b77  __TI_ltoa                     
00003c1d  atoi                          
00003c69  __aeabi_d2iz                  
00003cb1  __TI_auto_init_nobinit_nopinit
00003cf5  sprintf                       
00003d75  calloc                        
00003dad  __aeabi_f2d                   
00003de5  IntRegister                   
00003e19  _c_int00_noargs               
00003e4d  __aeabi_i2d                   
00003ea5  __TI_zero_init_nomemset       
00003edd  memccpy                       
00003ef9  copysign                      
00003ef9  copysignl                     
00003f2b  oi_parseInt                   
00003f43  strcmp                        
00003f5b  strchr                        
00003f71  strlen                        
00003f85  wcslen                        
00003f97  IntMasterEnable               
00003fa7  __TI_decompress_none          
00003fb5  CPUcpsie                      
00003fc1  ResetISR                      
00003fd9  __aeabi_errno_addr            
00003fe1  malloc                        
00003fe9  _system_pre_init              
00003fed  C$$EXIT                       
00003fed  abort                         
00003ff0  _ctypes_                      
0000411c  __TI_Handler_Table_Base       
00004128  __TI_Handler_Table_Limit      
00004138  __TI_CINIT_Base               
00004150  __TI_CINIT_Limit              
20000000  __start___llvm_prf_cnts       
20000000  __stop___llvm_prf_cnts        
20000000  g_pfnRAMVectors               
20000270  __stack                       
20000470  __STACK_TOP                   
20001270  __STACK_END                   
20001270  _sys_memory                   
20002270  isr_char_buffer               
200022bc  _timeout_ticks                
200022c0  fallingEdge                   
200022c4  isr_int_value                 
200022c8  pulseLength                   
200022cc  risingEdge                    
200022d0  isRisingEdge                  
200022d4  motor_cal_factor_L            
200022d8  motor_cal_factor_R            
200022f4  _lock                         
200022f8  _unlock                       
20002304  isr_counter                   
2000230c  errno                         
20002310  _running                      
ffffffff  __TI_pprof_out_hndl           
ffffffff  __TI_prof_data_size           
ffffffff  __TI_prof_data_start          
ffffffff  __binit__                     
ffffffff  __c_args__                    
ffffffff  binit                         
UNDEFED   __mpu_init                    
UNDEFED   _system_post_cinit            

[159 symbols]
